// Vitest Snapshot v1

exports[`PersonItem > should render correctly 1`] = `
<v-list-item>
  <v-list-item-title
    class="d-flex justify-start"
  >
    Raju Gandhi 
    <v-spacer />
    <div
      class="d-flex justify-end"
    >
      <v-btn
        density="comfortable"
        icon=""
        variant="plain"
      >
        <v-icon
          class="edit"
        >
           mdi-pencil 
        </v-icon>
      </v-btn>
      <v-btn
        density="comfortable"
        icon=""
        variant="plain"
      >
        <v-icon
          class="fav"
          color="red"
        >
           mdi-heart 
        </v-icon>
      </v-btn>
    </div>
  </v-list-item-title>
  <!--v-if-->
</v-list-item>
`;
